14:57:34 **** Incremental Build of configuration Debug for project EMI_Sensor ****
make -j8 all 
arm-none-eabi-gcc "../Src/main.c" -mcpu=cortex-m4 -std=gnu11 -g3 -DUSE_HAL_DRIVER -DSTM32F412Zx -DDEBUG -c -I../Inc -I../Drivers/CMSIS/Include -I../Drivers/STM32F4xx_HAL_Driver/Inc -I../Drivers/CMSIS/Device/ST/STM32F4xx/Include -I../Drivers/STM32F4xx_HAL_Driver/Inc/Legacy -O0 -ffunction-sections -fdata-sections -Wall -fstack-usage -MMD -MP -MF"Src/main.d" -MT"Src/main.o" --specs=nano.specs -mfpu=fpv4-sp-d16 -mfloat-abi=hard -mthumb -o "Src/main.o"
../Src/main.c: In function 'FPGA_Programming':
../Src/main.c:478:12: warning: array subscript has type 'char' [-Wchar-subscripts]
   dummyBits[i] = 0b01010101;
            ^
../Src/main.c:496:28: warning: passing argument 2 of 'HAL_SPI_Transmit' makes pointer from integer without a cast [-Wint-conversion]
   HAL_SPI_Transmit(&hspi1, FPGAIma[i], 1, 50);
                            ^~~~~~~
In file included from ../Inc/stm32f4xx_hal_conf.h:352:0,
                 from ../Drivers/STM32F4xx_HAL_Driver/Inc/stm32f4xx_hal.h:30,
                 from ../Inc/main.h:31,
                 from ../Src/main.c:22:
../Drivers/STM32F4xx_HAL_Driver/Inc/stm32f4xx_hal_spi.h:664:19: note: expected 'uint8_t * {aka unsigned char *}' but argument is of type 'unsigned char'
 HAL_StatusTypeDef HAL_SPI_Transmit(SPI_HandleTypeDef *hspi, uint8_t *pData, uint16_t Size, uint32_t Timeout);
                   ^~~~~~~~~~~~~~~~
arm-none-eabi-gcc -o "EMI_Sensor.elf" @"objects.list"   -mcpu=cortex-m4 -T"C:\Users\97jsm\Documents\GitHub\EMI-sensor\Building sensor\Code\STM32\EMI_Sensor\STM32F412ZETX_FLASH.ld" --specs=nosys.specs -Wl,-Map="EMI_Sensor.map" -Wl,--gc-sections -static --specs=nano.specs -mfpu=fpv4-sp-d16 -mfloat-abi=hard -mthumb -Wl,--start-group -lc -lm -Wl,--end-group
Finished building target: EMI_Sensor.elf
 
arm-none-eabi-objdump -h -S  EMI_Sensor.elf  > "EMI_Sensor.list"
arm-none-eabi-size   EMI_Sensor.elf 
   text	   data	    bss	    dec	    hex	filename
 116640	     20	   1916	 118576	  1cf30	EMI_Sensor.elf
Finished building: default.size.stdout
 
Finished building: EMI_Sensor.list
 

14:57:47 Build Finished. 0 errors, 2 warnings. (took 13s.547ms)

